Microchip MPLAB XC8 Compiler V2.45

Linker command line:

-W-3 \
  --edf=C:\Program Files\Microchip\xc8\v2.45\pic\dat\20230818022343_en.msgs \
  -cn -h+dist/default/debug\new_my_project.X.debug.sym \
  --cmf=dist/default/debug\new_my_project.X.debug.cmf -z -Q18F4620 \
  -oC:\Users\mibra\AppData\Local\Temp\xcAsir0.\driver_tmp_3.o \
  --defsym=__MPLAB_BUILD=1 --fixupoverflow=error \
  -Mdist/default/debug/new_my_project.X.debug.map \
  --md=C:\Users\mibra\AppData\Local\Temp\xcAsir0.\driver_tmp_0.dat -E1 \
  -ver=XC8 Compiler --acfsm=1493 -ACODE=00h-0FFFFh -ACONST=00h-0FFFFh \
  -ASMALLCONST=01000h-010FFhx240 -AMEDIUMCONST=01000h-0FFFFh \
  -ACOMRAM=01h-07Fh -AABS1=00h-0F7Fh -ABIGRAM=01h-0F7Fh \
  -ARAM=080h-0FFh,0100h-01FFhx14,0F00h-0F7Fh -ABANK0=080h-0FFh \
  -ABANK1=0100h-01FFh -ABANK2=0200h-02FFh -ABANK3=0300h-03FFh \
  -ABANK4=0400h-04FFh -ABANK5=0500h-05FFh -ABANK6=0600h-06FFh \
  -ABANK7=0700h-07FFh -ABANK8=0800h-08FFh -ABANK9=0900h-09FFh \
  -ABANK10=0A00h-0AFFh -ABANK11=0B00h-0BFFh -ABANK12=0C00h-0CFFh \
  -ABANK13=0D00h-0DFFh -ABANK14=0E00h-0EFFh -ABANK15=0F00h-0F7Fh \
  -ASFR=0F80h-0FFFh -ABIGSFR=0F80h-0FFFh -ACONFIG=0300000h-030000Dh \
  -AIDLOC=0200000h-0200007h -AEEDATA=0F00000h-0F003FFh -peeprom_data=EEDATA \
  -preset_vec=00h,intcode,intcodelo,powerup,init -pramtop=01000h \
  -psmallconst=SMALLCONST -pmediumconst=MEDIUMCONST -pconst=CONST \
  -AFARRAM=00h-00h \
  -prdata=COMRAM,nvrram=COMRAM,nvbit=COMRAM,rbss=COMRAM,rbit=COMRAM \
  -pfarbss=FARRAM,fardata=FARRAM,nvFARRAM=FARRAM \
  -pintsave_regs=BIGRAM,bigbss=BIGRAM,bigdata=BIGRAM -pbss=RAM \
  -pidata=CODE,irdata=CODE,ibigdata=CODE,ifardata=CODE -prparam=COMRAM \
  C:\Users\mibra\AppData\Local\Temp\xcAsir0.\driver_tmp_9.o \
  dist/default/debug\new_my_project.X.debug.o 

Object code version is 3.11

Machine type is 18F4620



                Name                               Link     Load   Length Selector   Space Scale
C:\Users\mibra\AppData\Local\Temp\xcAsir0.\driver_tmp_9.o
                config                           300000   300000        E        0       4
                init                                  0        0        4        0       0
dist/default/debug\new_my_project.X.debug.o
                config                           300000   300000        E        0       4
                smallconst                         1000     1000       46      800       0
                text15                             1046     1046      126      823       0
                text14                             116C     116C      110      823       0
                text13                             16C8     16C8       5E      823       0
                text12                             18F2     18F2       24      823       0
                text11                             17DE     17DE       50      823       0
                text10                             1782     1782       5C      823       0
                text9                              1456     1456       EA      823       0
                text8                              18CE     18CE       24      823       0
                text7                              1652     1652       76      823       0
                text6                              136C     136C       EA      823       0
                text5                              1916     1916       12      823       0
                text4                              1726     1726       5C      823       0
                text3                              1540     1540       98      823       0
                text2                              182E     182E       3C      823       0
                text1                              15D8     15D8       7A      823       0
                text0                              127C     127C       F0      823       0
                cstackCOMRAM                         2F       2F       22        1       1
                dataCOMRAM                            1        1       2E        1       1
                bssCOMRAM                            51       51        7        1       1
                cinit                              186A     186A       36      823       0
                idataCOMRAM                        18A0     18A0       2E      823       0

TOTAL           Name                               Link     Load   Length     Space
        CLASS   CODE           
                init                                  0        0        4         0
                text15                             1046     1046      126         0
                text14                             116C     116C      110         0
                text13                             16C8     16C8       5E         0
                text12                             18F2     18F2       24         0
                text11                             17DE     17DE       50         0
                text10                             1782     1782       5C         0
                text9                              1456     1456       EA         0
                text8                              18CE     18CE       24         0
                text7                              1652     1652       76         0
                text6                              136C     136C       EA         0
                text5                              1916     1916       12         0
                text4                              1726     1726       5C         0
                text3                              1540     1540       98         0
                text2                              182E     182E       3C         0
                text1                              15D8     15D8       7A         0
                text0                              127C     127C       F0         0
                cinit                              186A     186A       36         0
                idataCOMRAM                        18A0     18A0       2E         0

        CLASS   CONST          

        CLASS   SMALLCONST     
                smallconst                         1000     1000       46         0

        CLASS   MEDIUMCONST    

        CLASS   COMRAM         
                cstackCOMRAM                         2F       2F       22         1
                dataCOMRAM                            1        1       2E         1
                bssCOMRAM                            51       51        7         1

        CLASS   ABS1           

        CLASS   BIGRAM         

        CLASS   RAM            

        CLASS   BANK0          

        CLASS   BANK1          

        CLASS   BANK2          

        CLASS   BANK3          

        CLASS   BANK4          

        CLASS   BANK5          

        CLASS   BANK6          

        CLASS   BANK7          

        CLASS   BANK8          

        CLASS   BANK9          

        CLASS   BANK10         

        CLASS   BANK11         

        CLASS   BANK12         

        CLASS   BANK13         

        CLASS   BANK14         

        CLASS   BANK15         

        CLASS   SFR            

        CLASS   BIGSFR         

        CLASS   CONFIG         
                config                           300000   300000        E         4

        CLASS   IDLOC          

        CLASS   EEDATA         

        CLASS   FARRAM         

        CLASS   HEAP           

        CLASS   STACK          



SEGMENTS        Name                           Load    Length   Top    Selector   Space  Class

                reset_vec                      000000  000004  000004         0       0  CODE    
                dataCOMRAM                     000001  000057  000058         1       1  COMRAM  
                smallconst                     001000  000046  001046       800       0  SMALLCON
                text15                         001046  0008E2  001928       823       0  CODE    


UNUSED ADDRESS RANGES

        Name                Unused          Largest block    Delta
        BANK0            000080-0000FF               80
        BANK1            000100-0001FF              100
        BANK10           000A00-000AFF              100
        BANK11           000B00-000BFF              100
        BANK12           000C00-000CFF              100
        BANK13           000D00-000DFF              100
        BANK14           000E00-000EFF              100
        BANK15           000F00-000F7F               80
        BANK2            000200-0002FF              100
        BANK3            000300-0003FF              100
        BANK4            000400-0004FF              100
        BANK5            000500-0005FF              100
        BANK6            000600-0006FF              100
        BANK7            000700-0007FF              100
        BANK8            000800-0008FF              100
        BANK9            000900-0009FF              100
        BIGRAM           000058-000F7F              F28
        BIGSFR           000F80-000FFF               80
        CODE             000004-000FFF              FFC
                         001928-00FFFF             E6D8
        COMRAM           000058-00007F               28
        CONST            000004-000FFF              FFC
                         001928-00FFFF             E6D8
        EEDATA           F00000-F003FF              400
        IDLOC            200000-200007                8
        MEDIUMCONST      001928-00FFFF             E6D8
        RAM              000080-000F7F              100
        SFR              000F80-000FFF               80
        SMALLCONST       001928-00FFFF              100

                                  Symbol Table

_LATA                                     (abs)        000F89
_LATB                                     (abs)        000F8A
_LATC                                     (abs)        000F8B
_LATD                                     (abs)        000F8C
_LATE                                     (abs)        000F8D
_PORTA                                    (abs)        000F80
_PORTB                                    (abs)        000F81
_PORTC                                    (abs)        000F82
_PORTD                                    (abs)        000F83
_PORTE                                    (abs)        000F84
_TRISA                                    (abs)        000F92
_TRISB                                    (abs)        000F93
_TRISC                                    (abs)        000F94
_TRISD                                    (abs)        000F95
_TRISE                                    (abs)        000F96
__HRAM                                    (abs)        000000
__H__absolute__                           __absolute__ 000000
__Habs1                                   abs1         000000
__Hbank0                                  bank0        000000
__Hbank1                                  bank1        000000
__Hbank10                                 bank10       000000
__Hbank11                                 bank11       000000
__Hbank12                                 bank12       000000
__Hbank13                                 bank13       000000
__Hbank14                                 bank14       000000
__Hbank15                                 bank15       000000
__Hbank2                                  bank2        000000
__Hbank3                                  bank3        000000
__Hbank4                                  bank4        000000
__Hbank5                                  bank5        000000
__Hbank6                                  bank6        000000
__Hbank7                                  bank7        000000
__Hbank8                                  bank8        000000
__Hbank9                                  bank9        000000
__Hbigbss                                 bigbss       000000
__Hbigdata                                bigdata      000000
__Hbigram                                 bigram       000000
__Hbigsfr                                 bigsfr       000000
__Hbss                                    bss          000000
__HbssCOMRAM                              bssCOMRAM    000000
__Hcinit                                  cinit        000000
__Hclrtext                                clrtext      000000
__Hcomram                                 comram       000000
__Hconfig                                 config       30000E
__Hconst                                  const        000000
__HcstackCOMRAM                           cstackCOMRAM 000000
__Hdata                                   data         000000
__HdataCOMRAM                             dataCOMRAM   000000
__Heeprom_data                            eeprom_data  000000
__Hfarbss                                 farbss       000000
__Hfardata                                fardata      000000
__Hheap                                   heap         000000
__Hibigdata                               ibigdata     000000
__Hidata                                  idata        000000
__HidataCOMRAM                            idataCOMRAM  000000
__Hidloc                                  idloc        000000
__Hifardata                               ifardata     000000
__Hinit                                   init         000004
__Hintcode                                intcode      000000
__Hintcode_body                           intcode_body 000000
__Hintcodelo                              intcodelo    000000
__Hintentry                               intentry     000000
__Hintret                                 intret       000000
__Hintsave_regs                           intsave_regs 000000
__Hirdata                                 irdata       000000
__Hmediumconst                            mediumconst  000000
__HnvFARRAM                               nvFARRAM     000000
__Hnvbit                                  nvbit        000000
__Hnvrram                                 nvrram       000000
__Hparam                                  rparam       000000
__Hpowerup                                powerup      000000
__Hram                                    ram          000000
__Hramtop                                 ramtop       001000
__Hrbit                                   rbit         000000
__Hrbss                                   rbss         000000
__Hrdata                                  rdata        000000
__Hreset_vec                              reset_vec    000000
__Hrparam                                 rparam       000000
__Hsfr                                    sfr          000000
__Hsmallconst                             smallconst   001046
__Hspace_0                                (abs)        001928
__Hspace_1                                (abs)        000058
__Hspace_2                                (abs)        000000
__Hspace_4                                (abs)        60000E
__Hstack                                  stack        000000
__Hstruct                                 struct       000000
__Htemp                                   temp         000000
__Htext                                   text         000000
__Htext0                                  text0        000000
__Htext1                                  text1        000000
__Htext10                                 text10       000000
__Htext11                                 text11       000000
__Htext12                                 text12       000000
__Htext13                                 text13       000000
__Htext14                                 text14       000000
__Htext15                                 text15       000000
__Htext2                                  text2        000000
__Htext3                                  text3        000000
__Htext4                                  text4        000000
__Htext5                                  text5        000000
__Htext6                                  text6        000000
__Htext7                                  text7        000000
__Htext8                                  text8        000000
__Htext9                                  text9        000000
__LRAM                                    (abs)        000001
__L__absolute__                           __absolute__ 000000
__Labs1                                   abs1         000000
__Lbank0                                  bank0        000000
__Lbank1                                  bank1        000000
__Lbank10                                 bank10       000000
__Lbank11                                 bank11       000000
__Lbank12                                 bank12       000000
__Lbank13                                 bank13       000000
__Lbank14                                 bank14       000000
__Lbank15                                 bank15       000000
__Lbank2                                  bank2        000000
__Lbank3                                  bank3        000000
__Lbank4                                  bank4        000000
__Lbank5                                  bank5        000000
__Lbank6                                  bank6        000000
__Lbank7                                  bank7        000000
__Lbank8                                  bank8        000000
__Lbank9                                  bank9        000000
__Lbigbss                                 bigbss       000000
__Lbigdata                                bigdata      000000
__Lbigram                                 bigram       000000
__Lbigsfr                                 bigsfr       000000
__Lbss                                    bss          000000
__LbssCOMRAM                              bssCOMRAM    000000
__Lcinit                                  cinit        000000
__Lclrtext                                clrtext      000000
__Lcomram                                 comram       000000
__Lconfig                                 config       000000
__Lconst                                  const        000000
__LcstackCOMRAM                           cstackCOMRAM 000000
__Ldata                                   data         000000
__LdataCOMRAM                             dataCOMRAM   000000
__Leeprom_data                            eeprom_data  000000
__Lfarbss                                 farbss       000000
__Lfardata                                fardata      000000
__Lheap                                   heap         000000
__Libigdata                               ibigdata     000000
__Lidata                                  idata        000000
__LidataCOMRAM                            idataCOMRAM  000000
__Lidloc                                  idloc        000000
__Lifardata                               ifardata     000000
__Linit                                   init         000000
__Lintcode                                intcode      000000
__Lintcode_body                           intcode_body 000000
__Lintcodelo                              intcodelo    000000
__Lintentry                               intentry     000000
__Lintret                                 intret       000000
__Lintsave_regs                           intsave_regs 000000
__Lirdata                                 irdata       000000
__Lmediumconst                            mediumconst  000000
__LnvFARRAM                               nvFARRAM     000000
__Lnvbit                                  nvbit        000000
__Lnvrram                                 nvrram       000000
__Lparam                                  rparam       000000
__Lpowerup                                powerup      000000
__Lram                                    ram          000000
__Lramtop                                 ramtop       001000
__Lrbit                                   rbit         000000
__Lrbss                                   rbss         000000
__Lrdata                                  rdata        000000
__Lreset_vec                              reset_vec    000000
__Lrparam                                 rparam       000000
__Lsfr                                    sfr          000000
__Lsmallconst                             smallconst   001000
__Lspace_0                                (abs)        000000
__Lspace_1                                (abs)        000000
__Lspace_2                                (abs)        000000
__Lspace_4                                (abs)        000000
__Lstack                                  stack        000000
__Lstruct                                 struct       000000
__Ltemp                                   temp         000000
__Ltext                                   text         000000
__Ltext0                                  text0        000000
__Ltext1                                  text1        000000
__Ltext10                                 text10       000000
__Ltext11                                 text11       000000
__Ltext12                                 text12       000000
__Ltext13                                 text13       000000
__Ltext14                                 text14       000000
__Ltext15                                 text15       000000
__Ltext2                                  text2        000000
__Ltext3                                  text3        000000
__Ltext4                                  text4        000000
__Ltext5                                  text5        000000
__Ltext6                                  text6        000000
__Ltext7                                  text7        000000
__Ltext8                                  text8        000000
__Ltext9                                  text9        000000
__S0                                      (abs)        001928
__S1                                      (abs)        000058
__S4                                      (abs)        000000
__S5                                      (abs)        000000
___heap_hi                                (abs)        000000
___heap_lo                                (abs)        000000
___inthi_sp                               stack        000000
___inthi_stack_hi                         stack        000000
___inthi_stack_lo                         stack        000000
___intlo_sp                               stack        000000
___intlo_stack_hi                         stack        000000
___intlo_stack_lo                         stack        000000
___param_bank                             (abs)        000000
___rparam_used                            (abs)        000001
___sp                                     stack        000000
___stack_hi                               stack        000000
___stack_lo                               stack        000000
__accesstop                               (abs)        000080
__activetblptr                            (abs)        000002
__end_of__initialization                  cinit        001896
__end_of_application_intialize            text5        001928
__end_of_btn_values                       smallconst   001011
__end_of_customChar1                      smallconst   001041
__end_of_customChar2                      smallconst   001039
__end_of_customChar3                      smallconst   001031
__end_of_customChar4                      smallconst   001029
__end_of_customChar5                      smallconst   001021
__end_of_customChar6                      smallconst   001019
__end_of_gpio_pin_direction_intialize     text15       00116C
__end_of_gpio_pin_intialize               text13       001726
__end_of_gpio_pin_write_logic             text14       00127C
__end_of_lcd_4bit_initialize              text9        001540
__end_of_lcd_4bit_send_char_data          text4        001782
__end_of_lcd_4bit_send_char_data_position text2        00186A
__end_of_lcd_4bit_send_command            text10       0017DE
__end_of_lcd_4bit_send_custome_chr        text1        001652
__end_of_lcd_4bit_send_enable_signal      text12       001916
__end_of_lcd_4bit_set_cursor              text3        0015D8
__end_of_lcd_8bit_initialize              text6        001456
__end_of_lcd_8bit_send_command            text7        0016C8
__end_of_lcd_8bit_send_enable_signal      text8        0018F2
__end_of_lcd_send_4bits                   text11       00182E
__end_of_main                             text0        00136C
__initialization                          cinit        00186A
__mediumconst                             mediumconst  000000
__pbssCOMRAM                              bssCOMRAM    000051
__pcinit                                  cinit        00186A
__pcstackCOMRAM                           cstackCOMRAM 00002F
__pdataCOMRAM                             dataCOMRAM   000001
__pidataCOMRAM                            idataCOMRAM  0018A0
__psmallconst                             smallconst   001000
__ptext0                                  text0        00127C
__ptext1                                  text1        0015D8
__ptext10                                 text10       001782
__ptext11                                 text11       0017DE
__ptext12                                 text12       0018F2
__ptext13                                 text13       0016C8
__ptext14                                 text14       00116C
__ptext15                                 text15       001046
__ptext2                                  text2        00182E
__ptext3                                  text3        001540
__ptext4                                  text4        001726
__ptext5                                  text5        001916
__ptext6                                  text6        00136C
__ptext7                                  text7        001652
__ptext8                                  text8        0018CE
__ptext9                                  text9        001456
__ramtop                                  ramtop       001000
__smallconst                              smallconst   001000
_application_intialize                    text5        001916
_btn_values                               smallconst   001001
_customChar1                              smallconst   001039
_customChar2                              smallconst   001031
_customChar3                              smallconst   001029
_customChar4                              smallconst   001021
_customChar5                              smallconst   001019
_customChar6                              smallconst   001011
_gpio_pin_direction_intialize             text15       001046
_gpio_pin_intialize                       text13       0016C8
_gpio_pin_write_logic                     text14       00116C
_lat_registers                            dataCOMRAM   00000B
_lcd_1                                    dataCOMRAM   000029
_lcd_2                                    dataCOMRAM   00001F
_lcd_4bit_initialize                      text9        001456
_lcd_4bit_send_char_data                  text4        001726
_lcd_4bit_send_char_data_position         text2        00182E
_lcd_4bit_send_command                    text10       001782
_lcd_4bit_send_custome_chr                text1        0015D8
_lcd_4bit_send_enable_signal              text12       0018F2
_lcd_4bit_set_cursor                      text3        001540
_lcd_8bit_initialize                      text6        00136C
_lcd_8bit_send_command                    text7        001652
_lcd_8bit_send_enable_signal              text8        0018CE
_lcd_send_4bits                           text11       0017DE
_main                                     text0        00127C
_port_registers                           dataCOMRAM   000001
_tris_registers                           dataCOMRAM   000015
end_of_initialization                     cinit        001896
gpio_pin_direction_intialize@_pin_config  cstackCOMRAM 00002F
gpio_pin_direction_intialize@ret          cstackCOMRAM 000035
gpio_pin_intialize@_pin_config            cstackCOMRAM 000037
gpio_pin_intialize@ret                    cstackCOMRAM 000039
gpio_pin_write_logic@_pin_config          cstackCOMRAM 00002F
gpio_pin_write_logic@logic                cstackCOMRAM 000030
gpio_pin_write_logic@ret                  cstackCOMRAM 000036
intlevel0                                 text         000000
intlevel1                                 text         000000
intlevel2                                 text         000000
intlevel3                                 text         000000
isa$std                                   (abs)        000001
isa$xinst                                 (abs)        000000
lcd_4bit_initialize@_lcd_                 cstackCOMRAM 00003D
lcd_4bit_initialize@l_data_pins_counter   cstackCOMRAM 00003F
lcd_4bit_initialize@ret                   cstackCOMRAM 000040
lcd_4bit_send_char_data@_lcd_             cstackCOMRAM 00003A
lcd_4bit_send_char_data@data              cstackCOMRAM 00003B
lcd_4bit_send_char_data@ret               cstackCOMRAM 00003C
lcd_4bit_send_char_data_position@_lcd_    cstackCOMRAM 000043
lcd_4bit_send_char_data_position@column   cstackCOMRAM 000045
lcd_4bit_send_char_data_position@data     cstackCOMRAM 000046
lcd_4bit_send_char_data_position@ret      cstackCOMRAM 000047
lcd_4bit_send_char_data_position@row      cstackCOMRAM 000044
lcd_4bit_send_command@_lcd_               cstackCOMRAM 00003A
lcd_4bit_send_command@command             cstackCOMRAM 00003B
lcd_4bit_send_command@ret                 cstackCOMRAM 00003C
lcd_4bit_send_custome_chr@_chr            cstackCOMRAM 00004B
lcd_4bit_send_custome_chr@_lcd_           cstackCOMRAM 000048
lcd_4bit_send_custome_chr@column          cstackCOMRAM 00004A
lcd_4bit_send_custome_chr@l_lcd_counter   cstackCOMRAM 00004F
lcd_4bit_send_custome_chr@mem_pos         cstackCOMRAM 00004C
lcd_4bit_send_custome_chr@ret             cstackCOMRAM 00004E
lcd_4bit_send_custome_chr@row             cstackCOMRAM 000049
lcd_4bit_send_enable_signal@_lcd_         cstackCOMRAM 000037
lcd_4bit_send_enable_signal@ret           cstackCOMRAM 000038
lcd_4bit_set_cursor@_lcd_                 cstackCOMRAM 00003D
lcd_4bit_set_cursor@coulmn                cstackCOMRAM 00003F
lcd_4bit_set_cursor@ret                   cstackCOMRAM 000042
lcd_4bit_set_cursor@row                   cstackCOMRAM 00003E
lcd_8bit_initialize@_lcd_                 cstackCOMRAM 00003F
lcd_8bit_initialize@l_data_pins_counter   cstackCOMRAM 000041
lcd_8bit_initialize@ret                   cstackCOMRAM 000042
lcd_8bit_send_command@_lcd_               cstackCOMRAM 000039
lcd_8bit_send_command@command             cstackCOMRAM 00003A
lcd_8bit_send_command@l_pin_counter       cstackCOMRAM 00003E
lcd_8bit_send_command@ret                 cstackCOMRAM 00003D
lcd_8bit_send_enable_signal@_lcd_         cstackCOMRAM 000037
lcd_8bit_send_enable_signal@ret           cstackCOMRAM 000038
lcd_send_4bits@_data_command              cstackCOMRAM 000038
lcd_send_4bits@_lcd_                      cstackCOMRAM 000037
lcd_send_4bits@ret                        cstackCOMRAM 000039
led_initialize@F3058                      bssCOMRAM    000057
led_turn_off@F3068                        bssCOMRAM    000055
led_turn_on@F3063                         bssCOMRAM    000056
led_turn_toggle@F3073                     bssCOMRAM    000054
relay_initialize@F3052                    bssCOMRAM    000053
relay_turn_off@F3062                      bssCOMRAM    000051
relay_turn_on@F3057                       bssCOMRAM    000052
stackhi                                   (abs)        000000
stacklo                                   (abs)        000000
start                                     init         000000
start_initialization                      cinit        00186A


MODULE INFORMATION

Module		Function		Class		Link	Load	Size
ECU_Layer/LCD/ecu_lcd.c
		_lcd_8bit_send_enable_signal		CODE           	18CE	0000	36
		_lcd_4bit_send_command		CODE           	1782	0000	92
		_lcd_4bit_send_char_data		CODE           	1726	0000	92
		_lcd_send_4bits		CODE           	17DE	0000	80
		_lcd_4bit_set_cursor		CODE           	1540	0000	152
		_lcd_4bit_send_char_data_position		CODE           	182E	0000	60
		_lcd_4bit_send_enable_signal		CODE           	18F2	0000	36
		_lcd_8bit_initialize		CODE           	136C	0000	234
		_lcd_8bit_send_command		CODE           	1652	0000	118
		_lcd_4bit_send_custome_chr		CODE           	15D8	0000	122
		_lcd_4bit_initialize		CODE           	1456	0000	234

ECU_Layer/LCD/ecu_lcd.c estimated size: 1256

MCAL_Layer/GPIO/hel_gpio.c
		_gpio_pin_write_logic		CODE           	116C	0000	272
		_gpio_pin_intialize		CODE           	16C8	0000	94
		_gpio_pin_direction_intialize		CODE           	1046	0000	294

MCAL_Layer/GPIO/hel_gpio.c estimated size: 660

shared
		_customChar1   		SMALLCONST     	1039	0000	8
		_customChar2   		SMALLCONST     	1031	0000	8
		_customChar3   		SMALLCONST     	1029	0000	8
		_customChar4   		SMALLCONST     	1021	0000	8
		_customChar5   		SMALLCONST     	1019	0000	8
		_customChar6   		SMALLCONST     	1011	0000	8
		_btn_values    		SMALLCONST     	1001	0000	16
		__initialization		CODE           	186A	0000	44

shared estimated size: 108

application.c
		_main          		CODE           	127C	0000	240
		_application_intialize		CODE           	1916	0000	18

application.c estimated size: 258

